c:\pong demo\pongdemo\x64\debug\vc145.pdb
c:\pong demo\pongdemo\x64\debug\vc145.idb
c:\pong demo\pongdemo\x64\debug\main.obj
c:\pong demo\pongdemo\x64\debug\gameplayscene.obj
c:\pong demo\x64\debug\pongdemo.pdb
c:\pong demo\pongdemo\x64\debug\pongdemo.tlog\cl.command.1.tlog
c:\pong demo\pongdemo\x64\debug\pongdemo.tlog\cl.read.1.tlog
c:\pong demo\pongdemo\x64\debug\pongdemo.tlog\cl.write.1.tlog
c:\pong demo\pongdemo\x64\debug\pongdemo.tlog\link-cvtres.read.1.tlog
c:\pong demo\pongdemo\x64\debug\pongdemo.tlog\link-cvtres.write.1.tlog
c:\pong demo\pongdemo\x64\debug\pongdemo.tlog\link-mt.read.1.tlog
c:\pong demo\pongdemo\x64\debug\pongdemo.tlog\link-mt.write.1.tlog
c:\pong demo\pongdemo\x64\debug\pongdemo.tlog\link-rc.read.1.tlog
c:\pong demo\pongdemo\x64\debug\pongdemo.tlog\link-rc.write.1.tlog
c:\pong demo\pongdemo\x64\debug\pongdemo.tlog\link.command.1.tlog
c:\pong demo\pongdemo\x64\debug\pongdemo.tlog\link.read.1.tlog
c:\pong demo\pongdemo\x64\debug\pongdemo.tlog\link.read.2.tlog
c:\pong demo\pongdemo\x64\debug\pongdemo.tlog\link.read.3.tlog
c:\pong demo\pongdemo\x64\debug\pongdemo.tlog\link.read.4.tlog
c:\pong demo\pongdemo\x64\debug\pongdemo.tlog\link.read.5.tlog
c:\pong demo\pongdemo\x64\debug\pongdemo.tlog\link.read.6.tlog
c:\pong demo\pongdemo\x64\debug\pongdemo.tlog\link.write.1.tlog
